../Core/Src/main.c:27:5:main	16	static
../Core/Src/main.c:53:6:vFirstTask	16	static
../Core/Src/main.c:62:6:vSecondTask	16	static
../Core/Src/main.c:69:6:vThirdTask	16	static
../Core/Src/main.c:76:5:__io_putchar	16	static
../Core/Src/main.c:81:6:SystemClock_Config	88	static
../Core/Src/main.c:119:13:MX_USART2_UART_Init	8	static
../Core/Src/main.c:140:13:MX_GPIO_Init	48	static
../Core/Src/main.c:171:6:HAL_TIM_PeriodElapsedCallback	16	static
../Core/Src/main.c:187:6:Error_Handler	4	static,ignoring_inline_asm
